// Jest Snapshot v1, https://goo.gl/fbAQLP

exports[`Card should match the snapshot 1`] = `
ShallowWrapper {
  "length": 1,
  Symbol(enzyme.__root__): [Circular],
  Symbol(enzyme.__unrendered__): <Card
    handleAddFav={[Function]}
    handleRemoveFav={[Function]}
    isFav={false}
    user={
        Object {
            "id": 3,
          }
    }
/>,
  Symbol(enzyme.__renderer__): Object {
    "batchedUpdates": [Function],
    "getNode": [Function],
    "render": [Function],
    "simulateEvent": [Function],
    "unmount": [Function],
  },
  Symbol(enzyme.__node__): Object {
    "instance": null,
    "key": undefined,
    "nodeType": "host",
    "props": Object {
      "children": Array [
        <img
          alt="Poster for undefined"
          className="poster"
          src="https://image.tmdb.org/t/p/w500undefined"
/>,
        <div
          className="overlay"
>
          <img
                    alt="Back drop for undefined"
                    className="backdrop"
                    src="https://image.tmdb.org/t/p/w500undefined"
          />
          <button
                    className="card-fav"
                    onClick={[Function]}
          />
          <h3 />
          <h4>
                    Released: 
          </h4>
          <h4>
                    Rating: 
          </h4>
          <h4 />
</div>,
      ],
      "className": "Card",
    },
    "ref": null,
    "rendered": Array [
      Object {
        "instance": null,
        "key": undefined,
        "nodeType": "host",
        "props": Object {
          "alt": "Poster for undefined",
          "className": "poster",
          "src": "https://image.tmdb.org/t/p/w500undefined",
        },
        "ref": null,
        "rendered": null,
        "type": "img",
      },
      Object {
        "instance": null,
        "key": undefined,
        "nodeType": "host",
        "props": Object {
          "children": Array [
            <img
              alt="Back drop for undefined"
              className="backdrop"
              src="https://image.tmdb.org/t/p/w500undefined"
/>,
            <button
              className="card-fav"
              onClick={[Function]}
/>,
            <h3 />,
            <h4>
              Released: 
</h4>,
            <h4>
              Rating: 
</h4>,
            <h4 />,
          ],
          "className": "overlay",
        },
        "ref": null,
        "rendered": Array [
          Object {
            "instance": null,
            "key": undefined,
            "nodeType": "host",
            "props": Object {
              "alt": "Back drop for undefined",
              "className": "backdrop",
              "src": "https://image.tmdb.org/t/p/w500undefined",
            },
            "ref": null,
            "rendered": null,
            "type": "img",
          },
          Object {
            "instance": null,
            "key": undefined,
            "nodeType": "host",
            "props": Object {
              "className": "card-fav",
              "onClick": [Function],
            },
            "ref": null,
            "rendered": null,
            "type": "button",
          },
          Object {
            "instance": null,
            "key": undefined,
            "nodeType": "host",
            "props": Object {
              "children": undefined,
            },
            "ref": null,
            "rendered": null,
            "type": "h3",
          },
          Object {
            "instance": null,
            "key": undefined,
            "nodeType": "host",
            "props": Object {
              "children": Array [
                "Released: ",
                undefined,
              ],
            },
            "ref": null,
            "rendered": Array [
              "Released: ",
              undefined,
            ],
            "type": "h4",
          },
          Object {
            "instance": null,
            "key": undefined,
            "nodeType": "host",
            "props": Object {
              "children": Array [
                "Rating: ",
                undefined,
              ],
            },
            "ref": null,
            "rendered": Array [
              "Rating: ",
              undefined,
            ],
            "type": "h4",
          },
          Object {
            "instance": null,
            "key": undefined,
            "nodeType": "host",
            "props": Object {
              "children": undefined,
            },
            "ref": null,
            "rendered": null,
            "type": "h4",
          },
        ],
        "type": "div",
      },
    ],
    "type": "div",
  },
  Symbol(enzyme.__nodes__): Array [
    Object {
      "instance": null,
      "key": undefined,
      "nodeType": "host",
      "props": Object {
        "children": Array [
          <img
            alt="Poster for undefined"
            className="poster"
            src="https://image.tmdb.org/t/p/w500undefined"
/>,
          <div
            className="overlay"
>
            <img
                        alt="Back drop for undefined"
                        className="backdrop"
                        src="https://image.tmdb.org/t/p/w500undefined"
            />
            <button
                        className="card-fav"
                        onClick={[Function]}
            />
            <h3 />
            <h4>
                        Released: 
            </h4>
            <h4>
                        Rating: 
            </h4>
            <h4 />
</div>,
        ],
        "className": "Card",
      },
      "ref": null,
      "rendered": Array [
        Object {
          "instance": null,
          "key": undefined,
          "nodeType": "host",
          "props": Object {
            "alt": "Poster for undefined",
            "className": "poster",
            "src": "https://image.tmdb.org/t/p/w500undefined",
          },
          "ref": null,
          "rendered": null,
          "type": "img",
        },
        Object {
          "instance": null,
          "key": undefined,
          "nodeType": "host",
          "props": Object {
            "children": Array [
              <img
                alt="Back drop for undefined"
                className="backdrop"
                src="https://image.tmdb.org/t/p/w500undefined"
/>,
              <button
                className="card-fav"
                onClick={[Function]}
/>,
              <h3 />,
              <h4>
                Released: 
</h4>,
              <h4>
                Rating: 
</h4>,
              <h4 />,
            ],
            "className": "overlay",
          },
          "ref": null,
          "rendered": Array [
            Object {
              "instance": null,
              "key": undefined,
              "nodeType": "host",
              "props": Object {
                "alt": "Back drop for undefined",
                "className": "backdrop",
                "src": "https://image.tmdb.org/t/p/w500undefined",
              },
              "ref": null,
              "rendered": null,
              "type": "img",
            },
            Object {
              "instance": null,
              "key": undefined,
              "nodeType": "host",
              "props": Object {
                "className": "card-fav",
                "onClick": [Function],
              },
              "ref": null,
              "rendered": null,
              "type": "button",
            },
            Object {
              "instance": null,
              "key": undefined,
              "nodeType": "host",
              "props": Object {
                "children": undefined,
              },
              "ref": null,
              "rendered": null,
              "type": "h3",
            },
            Object {
              "instance": null,
              "key": undefined,
              "nodeType": "host",
              "props": Object {
                "children": Array [
                  "Released: ",
                  undefined,
                ],
              },
              "ref": null,
              "rendered": Array [
                "Released: ",
                undefined,
              ],
              "type": "h4",
            },
            Object {
              "instance": null,
              "key": undefined,
              "nodeType": "host",
              "props": Object {
                "children": Array [
                  "Rating: ",
                  undefined,
                ],
              },
              "ref": null,
              "rendered": Array [
                "Rating: ",
                undefined,
              ],
              "type": "h4",
            },
            Object {
              "instance": null,
              "key": undefined,
              "nodeType": "host",
              "props": Object {
                "children": undefined,
              },
              "ref": null,
              "rendered": null,
              "type": "h4",
            },
          ],
          "type": "div",
        },
      ],
      "type": "div",
    },
  ],
  Symbol(enzyme.__options__): Object {
    "adapter": ReactSixteenAdapter {
      "options": Object {
        "enableComponentDidUpdateOnSetState": true,
      },
    },
  },
}
`;
